Runtime:
- Isolated `alicedev-astrbot-links-github`, dashboard `127.0.0.1:6186`, internal API `127.0.0.1:6201`, worktree bind mounts, shared `alicedev-dev_default` network.
- Container restarted after rebasing BridgeCore dispatch fix `89779f7`.
- Browser session: `agent-browser --session links-github --restore`, authenticated AstrBot dashboard, Chat view.

User path:
1. Opened `http://127.0.0.1:6186/#/chat`.
2. Filled the WebChat input with `/alicedev` and clicked `发送`.
3. `agent-browser wait --text 'alicedev 可用指令'` succeeded.
4. Extracted response with `agent-browser get text`:

/alicedev
上午04:59
✦

alicedev 可用指令：
/需求 — 记录群友需求并交给 AI 分析（别名：/req）
/链接 [管理员] — 为会话生成一次性工作区分享链接（别名：/link）
/解读 — 预取并解读 GitHub Issue 或 Pull Request（别名：/interpret）
/归档 [管理员] — 归档一个 paseo 会话（别名：/archive）
/alicedev — 显示 alicedev 指令和 Prompt 模板

Prompt 模板：
github-issue · 链接触发：github_issue：读取 GitHub Issue，提炼背景、现状、风险与可执行建议
github-pr · 链接触发：github_pr：读取 GitHub Pull Request，评估改动、风险与验证缺口
investigate · /帮我调查：调查一个问题并直接回复，或生成 Markdown 调查报告
requirement · /需求（别名：/req）：记录群友需求并交给 AI 分析

The earlier `webchat-blocker.log` records the pre-89779f7 failure; this run confirms the BridgeCore prefix-tolerant dispatch fix and the LinksGithub help registration through the real user path.
