Paseo embed-mode runtime verification
Date: 2026-09-18

Processes
- Fork daemon: ./scripts/dev-daemon.sh with PASEO_LISTEN=127.0.0.1:6769, PASEO_SERVER_ID=embed-e2e-local, PASEO_SKIP_DEV_SERVER_BUILD=1
- Expo app: npm run start:expo --workspace=@getpaseo/app -- --port 8082 with EXPO_PUBLIC_LOCAL_DAEMON=localhost:6769
- Browser: agent-browser session paseo-embed-f135dddf7ffb

Seed
- E2E_DAEMON_PORT=6769 node --import tsx /tmp/paseo-embed-seed.ts
- Created workspace wks_06f849384e9c2e6d and mock agent 613c10d9-629d-45c9-8a5f-914edcd853d4.
- Daemon identity probe returned serverId embed-e2e-local.

Embed path
- Opened http://localhost:8082/h/embed-e2e-local/agent/613c10d9-629d-45c9-8a5f-914edcd853d4?embed=1.
- Observed redirect to http://localhost:8082/h/embed-e2e-local/workspace/wks_06f849384e9c2e6d?embed=1; the one-shot open query was consumed while embed=1 remained.
- DOM test IDs included workspace-tabs-row, workspace-pane-main, workspace-tab-agent_613c10d9-629d-45c9-8a5f-914edcd853d4, and agent-thinking-selector; no data-testid beginning with sidebar was present.
- Accessibility snapshot exposed composer textbox Message agent..., Select model (Five minute stream), Select thinking option (Low), and Select agent mode (Load test); no sidebar, workspace header, explorer, new-tab, split, maximize, or profile settings controls were present.
- Selected Ten second stream model and High thinking level through the rendered controls.
- Filled and submitted: Reply with the embed smoke check. DOM then showed the submitted turn and Ten second stream / High / Load test controls.
- Reload returned the same workspace URL with ?embed=1.
- Browser back reached a prior workspace URL that still contained ?embed=1; browser forward returned the current embed workspace URL with ?embed=1. After forward, DOM checks returned hasComposer=true, hasTabs=true, hasSidebar=false.
- Screenshots: embed-workspace.png and embed-conversation.png.

Non-embed comparison
- Fresh browser session paseo-nonembed-f135dddf7ffb opened http://localhost:8082/h/embed-e2e-local/workspace/wks_06f849384e9c2e6d without a query.
- Accessibility snapshot exposed New workspace, History, Search, Schedules, Settings, Open Explorer sidebar, Workspace actions, New tab, and More actions, confirming normal chrome remains available outside embed mode.
- Screenshot: nonembed-workspace.png.

Known setup note
- The first browser profile retained an old host registry entry after daemon restart; clearing @paseo:daemon-registry before opening the current embed-e2e-local URL resolved it. This was test setup state, not an app failure.
