$ 'agent-browser' '--session' 'alicedev-e2e-driver-e2e-baseline' 'open' 'http://127.0.0.1:32818/#/chat'
✓ AstrBot Dashboard
  http://127.0.0.1:32818/#/auth/login
[agent-browser] launched browser
$ 'agent-browser' '--session' 'alicedev-e2e-driver-e2e-baseline' 'set' 'viewport' '1280' '577'
✓ Done
$ 'agent-browser' '--session' 'alicedev-e2e-driver-e2e-baseline' 'wait' '--load' 'networkidle'
✓ Done
$ 'agent-browser' '--session' 'alicedev-e2e-driver-e2e-baseline' 'snapshot' '-i'
- button [expanded=false, ref=e1]
- button [expanded=false, ref=e2]
- textbox "用户名" [required, ref=e4]
- textbox "密码" [required, ref=e6]
- button "密码 appended action" [ref=e5]
- button "登录" [disabled, ref=e3]
$ 'agent-browser' '--session' 'alicedev-e2e-driver-e2e-baseline' 'fill' '@e4' 'astrbot'
✓ Done
$ 'agent-browser' '--session' 'alicedev-e2e-driver-e2e-baseline' 'fill' '@e6' 'E2e-Local-Password9'
✓ Done
$ 'agent-browser' '--session' 'alicedev-e2e-driver-e2e-baseline' 'click' '@e3'
✓ Done
$ 'agent-browser' '--session' 'alicedev-e2e-driver-e2e-baseline' 'wait' '1000'
✓ Done
$ 'agent-browser' '--session' 'alicedev-e2e-driver-e2e-baseline' 'open' 'http://127.0.0.1:32818/#/chat'
✓ AstrBot Dashboard
  http://127.0.0.1:32818/#/chat
$ 'agent-browser' '--session' 'alicedev-e2e-driver-e2e-baseline' 'wait' '--load' 'networkidle'
✓ Done
$ 'agent-browser' '--session' 'alicedev-e2e-driver-e2e-baseline' 'snapshot' '-i'
- button "默认模型" [expanded=false, ref=e11]
- button "Bot" [ref=e6]
- button [expanded=false, ref=e7]
- button [ref=e8]
- button "模型配置" [ref=e9]
- button "创建对话" [ref=e10]
- button "创建项目" [ref=e12]
- button "设置" [ref=e13]
- generic "今天想聊点什么？" [ref=e14] focusable [tabindex]
- textbox "想问什么都可以" [ref=e27]
- button "上传文件" [expanded=false, ref=e28]
- button [ref=e29]
- button "发送" [disabled, ref=e30]
- heading "AstrBot WebUI" [level=2, ref=e1]
- heading "修改账户" [level=4, ref=e2]
- textbox "当前密码" [required, ref=e19]
- button "当前密码 appended action" [ref=e15]
- textbox "新密码" [ref=e20]
- button "新密码 appended action" [ref=e16]
- textbox "确认新密码" [ref=e21]
- button "确认新密码 appended action" [ref=e17]
- textbox "新用户名 (可选)" [ref=e22]
- button "保存修改" [disabled, ref=e3]
- button [ref=e4]
- heading "欢迎使用 AstrBot" [level=2, ref=e18]
- link "官方网站" [ref=e23]
- link "GitHub" [ref=e24]
- link "最终用户许可协议" [ref=e25]
- link "community@astrbot.app" [ref=e26]
- button "关闭" [ref=e5]
$ 'agent-browser' '--session' 'alicedev-e2e-driver-e2e-baseline' 'click' '@e5'
✓ Done
$ 'agent-browser' '--session' 'alicedev-e2e-driver-e2e-baseline' 'wait' '200'
✓ Done
$ 'agent-browser' '--session' 'alicedev-e2e-driver-e2e-baseline' 'snapshot' '-i'
- button "默认模型" [expanded=false, ref=e9]
- button "Bot" [ref=e4]
- button [expanded=false, ref=e5]
- button [ref=e6]
- button "模型配置" [ref=e7]
- button "创建对话" [ref=e8]
- button "创建项目" [ref=e10]
- button "设置" [ref=e11]
- generic "今天想聊点什么？" [ref=e12] focusable [tabindex]
- textbox "想问什么都可以" [ref=e20]
- button "上传文件" [expanded=false, ref=e21]
- button [ref=e22]
- button "发送" [disabled, ref=e23]
- heading "AstrBot WebUI" [level=2, ref=e1]
- heading "修改账户" [level=4, ref=e2]
- textbox "当前密码" [required, ref=e16]
- button "当前密码 appended action" [ref=e13]
- textbox "新密码" [ref=e17]
- button "新密码 appended action" [ref=e14]
- textbox "确认新密码" [ref=e18]
- button "确认新密码 appended action" [ref=e15]
- textbox "新用户名 (可选)" [ref=e19]
- button "保存修改" [disabled, ref=e3]
$ 'agent-browser' '--session' 'alicedev-e2e-driver-e2e-baseline' 'fill' '@e16' 'E2e-Local-Password9'
✓ Done
$ 'agent-browser' '--session' 'alicedev-e2e-driver-e2e-baseline' 'fill' '@e17' 'E2e-Driver-Password9'
✓ Done
$ 'agent-browser' '--session' 'alicedev-e2e-driver-e2e-baseline' 'fill' '@e18' 'E2e-Driver-Password9'
✓ Done
$ 'agent-browser' '--session' 'alicedev-e2e-driver-e2e-baseline' 'click' '@e3'
✓ Done
$ 'agent-browser' '--session' 'alicedev-e2e-driver-e2e-baseline' 'wait' '500'
✓ Done
$ 'agent-browser' '--session' 'alicedev-e2e-driver-e2e-baseline' 'reload'
http://127.0.0.1:32818/#/chat
$ 'agent-browser' '--session' 'alicedev-e2e-driver-e2e-baseline' 'wait' '--load' 'networkidle'
✓ Done
$ 'agent-browser' '--session' 'alicedev-e2e-driver-e2e-baseline' 'snapshot' '-i'
- button "默认模型" [expanded=false, ref=e9]
- button "Bot" [ref=e4]
- button [expanded=false, ref=e5]
- button [ref=e6]
- button "模型配置" [ref=e7]
- button "创建对话" [ref=e8]
- button "创建项目" [ref=e10]
- button "设置" [ref=e11]
- generic "今天想聊点什么？" [ref=e12] focusable [tabindex]
- textbox "想问什么都可以" [ref=e20]
- button "上传文件" [expanded=false, ref=e21]
- button [ref=e22]
- button "发送" [disabled, ref=e23]
- heading "AstrBot WebUI" [level=2, ref=e1]
- heading "修改账户" [level=4, ref=e2]
- textbox "当前密码" [required, ref=e16]
- button "当前密码 appended action" [ref=e13]
- textbox "新密码" [ref=e17]
- button "新密码 appended action" [ref=e14]
- textbox "确认新密码" [ref=e18]
- button "确认新密码 appended action" [ref=e15]
- textbox "新用户名 (可选)" [ref=e19]
- button "保存修改" [disabled, ref=e3]
$ 'agent-browser' '--session' 'alicedev-e2e-driver-e2e-baseline' 'fill' '@e16' 'E2e-Local-Password9'
✓ Done
$ 'agent-browser' '--session' 'alicedev-e2e-driver-e2e-baseline' 'fill' '@e17' 'E2e-Driver-Password9'
✓ Done
$ 'agent-browser' '--session' 'alicedev-e2e-driver-e2e-baseline' 'fill' '@e18' 'E2e-Driver-Password9'
✓ Done
$ 'agent-browser' '--session' 'alicedev-e2e-driver-e2e-baseline' 'click' '@e3'
✓ Done
$ 'agent-browser' '--session' 'alicedev-e2e-driver-e2e-baseline' 'wait' '500'
✓ Done
$ 'agent-browser' '--session' 'alicedev-e2e-driver-e2e-baseline' 'reload'
http://127.0.0.1:32818/#/chat
$ 'agent-browser' '--session' 'alicedev-e2e-driver-e2e-baseline' 'wait' '--load' 'networkidle'
✓ Done
$ 'agent-browser' '--session' 'alicedev-e2e-driver-e2e-baseline' 'snapshot' '-i'
- button "默认模型" [expanded=false, ref=e6]
- button "Bot" [ref=e1]
- button [expanded=false, ref=e2]
- button [ref=e3]
- button "模型配置" [ref=e4]
- button "创建对话" [ref=e5]
- button "创建项目" [ref=e7]
- button "设置" [ref=e8]
- generic "今天想聊点什么？" [ref=e9] focusable [tabindex]
- textbox "想问什么都可以" [ref=e10]
- button "上传文件" [expanded=false, ref=e11]
- button [ref=e12]
- button "发送" [disabled, ref=e13]
$ 'agent-browser' '--session' 'alicedev-e2e-driver-e2e-baseline' 'fill' '@e10' '/alicedev'
✓ Done
$ 'agent-browser' '--session' 'alicedev-e2e-driver-e2e-baseline' 'click' '@e13'
✓ Done
$ 'agent-browser' '--session' 'alicedev-e2e-driver-e2e-baseline' 'snapshot' '-i'
- button "默认模型" [expanded=false, ref=e6]
- button "Bot" [ref=e1]
- button [expanded=false, ref=e2]
- button [ref=e3]
- button "模型配置" [ref=e4]
- button "创建对话" [ref=e5]
- button "创建项目" [ref=e7]
- button "设置" [ref=e8]
- generic "今天想聊点什么？" [ref=e9] focusable [tabindex]
- textbox "想问什么都可以" [disabled, ref=e10]: /alicedev
- button "上传文件" [expanded=false, ref=e11]
- button [ref=e12]
- button "发送" [ref=e13]
$ 'agent-browser' '--session' 'alicedev-e2e-driver-e2e-baseline' 'get' 'text' 'body'
默认模型
Bot
AstrBot
ChatUI
模型配置
创建对话
项目
对话
设置
今天想聊点什么？
$ 'agent-browser' '--session' 'alicedev-e2e-driver-e2e-baseline' 'snapshot' '-i'
- button "默认模型" [expanded=false, ref=e6]
- button "Bot" [ref=e1]
- button [expanded=false, ref=e2]
- button [ref=e3]
- button "模型配置" [ref=e4]
- button "创建对话" [ref=e5]
- button "创建项目" [ref=e7]
- button "/alicedev" [ref=e8]
- button "设置" [ref=e9]
- generic "/alicedev上午04:28✦(ง •_•)ง 努力想办法中..." [ref=e10] focusable [tabindex]
- textbox "想问什么都可以" [ref=e11]
- button "上传文件" [expanded=false, ref=e12]
- button [ref=e13]
- button [ref=e14]
$ 'agent-browser' '--session' 'alicedev-e2e-driver-e2e-baseline' 'get' 'text' 'body'
默认模型
/alicedev
Bot
AstrBot
ChatUI
模型配置
创建对话
项目
对话
/alicedev
设置
/alicedev
上午04:28
✦
(ง •_•)ง 努力想办法中...
$ 'agent-browser' '--session' 'alicedev-e2e-driver-e2e-baseline' 'snapshot' '-i'
- button "默认模型" [expanded=false, ref=e6]
- button "Bot" [ref=e1]
- button [expanded=false, ref=e2]
- button [ref=e3]
- button "模型配置" [ref=e4]
- button "创建对话" [ref=e5]
- button "创建项目" [ref=e7]
- button "/alicedev" [ref=e8]
- button "设置" [ref=e9]
- generic "/alicedev上午04:28✦(ง •_•)ง 努力想办法中..." [ref=e10] focusable [tabindex]
- textbox "想问什么都可以" [ref=e11]
- button "上传文件" [expanded=false, ref=e12]
- button [ref=e13]
- button [ref=e14]
$ 'agent-browser' '--session' 'alicedev-e2e-driver-e2e-baseline' 'get' 'text' 'body'
默认模型
/alicedev
Bot
AstrBot
ChatUI
模型配置
创建对话
项目
对话
/alicedev
设置
/alicedev
上午04:28
✦
(ง •_•)ง 努力想办法中...
$ 'agent-browser' '--session' 'alicedev-e2e-driver-e2e-baseline' 'snapshot' '-i'
- button "默认模型" [expanded=false, ref=e6]
- button "Bot" [ref=e1]
- button [expanded=false, ref=e2]
- button [ref=e3]
- button "模型配置" [ref=e4]
- button "创建对话" [ref=e5]
- button "创建项目" [ref=e7]
- button "/alicedev" [ref=e8]
- button "设置" [ref=e9]
- generic "/alicedev上午04:28✦(ง •_•)ง 努力想办法中..." [ref=e10] focusable [tabindex]
- textbox "想问什么都可以" [ref=e11]
- button "上传文件" [expanded=false, ref=e12]
- button [ref=e13]
- button [ref=e14]
$ 'agent-browser' '--session' 'alicedev-e2e-driver-e2e-baseline' 'get' 'text' 'body'
默认模型
/alicedev
Bot
AstrBot
ChatUI
模型配置
创建对话
项目
对话
/alicedev
设置
/alicedev
上午04:28
✦
(ง •_•)ง 努力想办法中...
$ 'agent-browser' '--session' 'alicedev-e2e-driver-e2e-baseline' 'snapshot' '-i'
- button "默认模型" [expanded=false, ref=e6]
- button "Bot" [ref=e1]
- button [expanded=false, ref=e2]
- button [ref=e3]
- button "模型配置" [ref=e4]
- button "创建对话" [ref=e5]
- button "创建项目" [ref=e7]
- button "/alicedev" [ref=e8]
- button "设置" [ref=e9]
- generic "/alicedev上午04:28✦(ง •_•)ง 努力想办法中..." [ref=e10] focusable [tabindex]
- textbox "想问什么都可以" [ref=e11]
- button "上传文件" [expanded=false, ref=e12]
- button [ref=e13]
- button [ref=e14]
$ 'agent-browser' '--session' 'alicedev-e2e-driver-e2e-baseline' 'get' 'text' 'body'
默认模型
/alicedev
Bot
AstrBot
ChatUI
模型配置
创建对话
项目
对话
/alicedev
设置
/alicedev
上午04:28
✦
(ง •_•)ง 努力想办法中...
$ 'agent-browser' '--session' 'alicedev-e2e-driver-e2e-baseline' 'snapshot' '-i'
- button "默认模型" [expanded=false, ref=e6]
- button "Bot" [ref=e1]
- button [expanded=false, ref=e2]
- button [ref=e3]
- button "模型配置" [ref=e4]
- button "创建对话" [ref=e5]
- button "创建项目" [ref=e7]
- button "新的聊天" [ref=e8]
- button "设置" [ref=e9]
- generic "/alicedev上午04:28✦上午04:28" [ref=e10] focusable [tabindex]
  - button [ref=e11]
  - button "20260922032810987_4dea.png" [ref=e14]
  - button [expanded=false, ref=e12]
  - button [ref=e13]
- textbox "想问什么都可以" [ref=e15]
- button "上传文件" [expanded=false, ref=e16]
- button [ref=e17]
- button "发送" [disabled, ref=e18]
$ 'agent-browser' '--session' 'alicedev-e2e-driver-e2e-baseline' 'get' 'text' 'body'
默认模型
新的聊天
Bot
AstrBot
ChatUI
模型配置
创建对话
项目
对话
新的聊天
设置
/alicedev
上午04:28
✦
上午04:28
$ 'agent-browser' '--session' 'alicedev-e2e-driver-e2e-baseline' 'screenshot' '/private/tmp/alicedev-e2e-driver-real9/baseline/capture.png'
✓ Screenshot saved to /private/tmp/alicedev-e2e-driver-real9/baseline/capture.png
$ 'agent-browser' '--session' 'alicedev-e2e-driver-e2e-baseline' 'close'
✓ Browser closed
